// Jest Snapshot v1, https://goo.gl/fbAQLP

exports[`Components InputNumber should render correctly 1`] = `
<div class="form-input-group -prepended -appended">
  <div class="form-input-prepend">
    <!---->
  </div>
  <div class="form-input">
    <!---->
    <!----> <input tabindex="1"></div>
  <div class="form-input-append">
    <!---->
  </div>
</div>
`;
